node.exe : [1m[33m[ba
seline-browser-mapping]
 The data in this 
module is over two 
months old.  To ensure 
accurate Baseline 
data, please update: 
`npm i baseline-browser
-mapping@latest 
-D`[39m[22m
At line:1 char:1
+ & "C:\Program 
Files\nodejs/node.exe" 
"C:\Program 
Files\nodejs/node_mo 
...
+ ~~~~~~~~~~~~~~~~~~~~~
~~~~~~~~~~~~~~~~~~~~~~~
~~~~~~~~~~~~~~~~~~~~~~~
~~
    + CategoryInfo     
         : NotSpecifi  
  ed: ([1m[33m[bas   
 el...t -D`[39m[2    
2m:String) [], Rem    
oteException
    + FullyQualifiedEr 
   rorId : NativeComm  
  andError
 
[33mΓ¥»[39m Building...
[baseline-browser-mappi
ng] The data in this 
module is over two 
months old.  To ensure 
accurate Baseline 
data, please update: 
`npm i baseline-browser
-mapping@latest -D`
[baseline-browser-mappi
ng] The data in this 
module is over two 
months old.  To ensure 
accurate Baseline 
data, please update: 
`npm i baseline-browser
-mapping@latest -D`
[baseline-browser-mappi
ng] The data in this 
module is over two 
months old.  To ensure 
accurate Baseline 
data, please update: 
`npm i baseline-browser
-mapping@latest -D`
[baseline-browser-mappi
ng] The data in this 
module is over two 
months old.  To ensure 
accurate Baseline 
data, please update: 
`npm i baseline-browser
-mapping@latest -D`
[32mΓ£ö[39m Building...
[1mInitial chunk files[22m[2m | [22m[1mNames[22m        [2m | [22m [1mRaw size[22m[2m | [22m[1mEstimated transfer size[22m
[32mmain.js[39m            [2m | [22m[2mmain[22m         [2m | [22m[36m928.79 kB[39m[2m | [22m              [36m195.79 kB[39m
[32mstyles.css[39m         [2m | [22m[2mstyles[22m       [2m | [22m[36m104.44 kB[39m[2m | [22m                [36m7.96 kB[39m
[32mpolyfills.js[39m       [2m | [22m[2mpolyfills[22m    [2m | [22m [36m35.68 kB[39m[2m | [22m               [36m11.57 kB[39m

[1m [22m                  [2m | [22m[1mInitial total[22m[2m | [22m  [1m1.07 MB[22m[2m | [22m              [1m215.31 kB[22m

Application bundle generation complete. [8.256 seconds] - 2026-03-10T03:56:49.042Z

[1m[33m[33mΓû▓ [43;
33m[[43;30mWARNING[43
;33m][0m [1mNG8113: 
DepartmentFilterPipe 
is not used within the 
template of EmployeeLis
tComponent[0m 
[1m[35m[plugin 
angular-compiler][0m

    src/app/components/
employee-list/employee-
list.component.ts:37:8:
[37m      37 Γöé      
   [32mDepartmentFilte
rPipe[37m,
         Γò╡         [
32m~~~~~~~~~~~~~~~~~~~~
[0m

[39m[22m
Output location: J:\Code\landT\Employee Management Dashboard\dist\demo

